// Jest Snapshot v1, https://goo.gl/fbAQLP

exports[`Gift renders corectly 1`] = `ShallowWrapper {}`;
